Using pre-set license
Built from '6000.0/staging' branch; Version is '6000.0.37f1 (090b7797214c) revision 592759'; Using compiler version '193933523'; Build Type 'Release'
OS: 'Windows 11  (10.0.26100) 64bit Core' Language: 'en' Physical Memory: 16103 MB
BatchMode: 1, IsHumanControllingUs: 0, StartBugReporterOnCrash: 0, Is64bit: 1, IsPro: 1

COMMAND LINE ARGUMENTS:
C:\Program Files\Unity\Hub\Editor\6000.0.37f1\Editor\Unity.exe
-adb2
-batchMode
-noUpm
-name
AssetImportWorker1
-projectPath
C:/Users/agioc/Documents/Unity Projects/FrameShot_Project/FrameShot
-logFile
Logs/AssetImportWorker1.log
-srvPort
50088
-job-worker-count
11
-background-job-worker-count
8
-gc-helper-count
1
Successfully changed project path to: C:/Users/agioc/Documents/Unity Projects/FrameShot_Project/FrameShot
C:/Users/agioc/Documents/Unity Projects/FrameShot_Project/FrameShot
[UnityMemory] Configuration Parameters - Can be set up in boot.config
    "memorysetup-bucket-allocator-granularity=16"
    "memorysetup-bucket-allocator-bucket-count=8"
    "memorysetup-bucket-allocator-block-size=33554432"
    "memorysetup-bucket-allocator-block-count=8"
    "memorysetup-main-allocator-block-size=16777216"
    "memorysetup-thread-allocator-block-size=16777216"
    "memorysetup-gfx-main-allocator-block-size=16777216"
    "memorysetup-gfx-thread-allocator-block-size=16777216"
    "memorysetup-cache-allocator-block-size=4194304"
    "memorysetup-typetree-allocator-block-size=2097152"
    "memorysetup-profiler-bucket-allocator-granularity=16"
    "memorysetup-profiler-bucket-allocator-bucket-count=8"
    "memorysetup-profiler-bucket-allocator-block-size=33554432"
    "memorysetup-profiler-bucket-allocator-block-count=8"
    "memorysetup-profiler-allocator-block-size=16777216"
    "memorysetup-profiler-editor-allocator-block-size=1048576"
    "memorysetup-temp-allocator-size-main=16777216"
    "memorysetup-job-temp-allocator-block-size=2097152"
    "memorysetup-job-temp-allocator-block-size-background=1048576"
    "memorysetup-job-temp-allocator-reduction-small-platforms=262144"
    "memorysetup-allocator-temp-initial-block-size-main=262144"
    "memorysetup-allocator-temp-initial-block-size-worker=262144"
    "memorysetup-temp-allocator-size-background-worker=32768"
    "memorysetup-temp-allocator-size-job-worker=262144"
    "memorysetup-temp-allocator-size-preload-manager=33554432"
    "memorysetup-temp-allocator-size-nav-mesh-worker=65536"
    "memorysetup-temp-allocator-size-audio-worker=65536"
    "memorysetup-temp-allocator-size-cloud-worker=32768"
    "memorysetup-temp-allocator-size-gi-baking-worker=262144"
    "memorysetup-temp-allocator-size-gi-baking-worker=262144"
    "memorysetup-temp-allocator-size-gi-baking-worker=262144"
    "memorysetup-temp-allocator-size-gi-baking-worker=262144"
    "memorysetup-temp-allocator-size-gi-baking-worker=262144"
    "memorysetup-temp-allocator-size-gfx=262144"
Player connection [29612]  Target information:

Player connection [29612]  * "[IP] 192.168.1.3 [Port] 0 [Flags] 2 [Guid] 3577683199 [EditorId] 3577683199 [Version] 1048832 [Id] WindowsEditor(7,widowM) [Debug] 1 [PackageName] WindowsEditor [ProjectName] Editor" 

Player connection [29612] Host joined multi-casting on [225.0.0.222:54997]...
Player connection [29612] Host joined alternative multi-casting on [225.0.0.222:34997]...
JobSystem: Creating JobQueue using job-worker-count value 11
Input System module state changed to: Initialized.
[Physics::Module] Initialized fallback backend.
[Physics::Module] Id: 0xdecafbad
Library Redirect Path: Library/
[Physics::Module] Selected backend.
[Physics::Module] Name: PhysX
[Physics::Module] Id: 0xf2b8ea05
[Physics::Module] SDK Version: 4.1.2
[Physics::Module] Integration Version: 1.0.0
[Physics::Module] Threading Mode: Multi-Threaded
Refreshing native plugins compatible for Editor in 294.56 ms, found 4 plugins.
Preloading 0 native plugins for Editor in 0.00 ms.
Initialize engine version: 6000.0.37f1 (090b7797214c)
[Subsystems] Discovering subsystems at path C:/Program Files/Unity/Hub/Editor/6000.0.37f1/Editor/Data/Resources/UnitySubsystems
[Subsystems] Discovering subsystems at path C:/Users/agioc/Documents/Unity Projects/FrameShot_Project/FrameShot/Assets
GfxDevice: creating device client; kGfxThreadingModeNonThreaded
Direct3D:
    Version:  Direct3D 11.0 [level 11.1]
    Renderer: NVIDIA GeForce RTX 4070 Laptop GPU (ID=0x2860)
    Vendor:   NVIDIA
    VRAM:     7948 MB
    Driver:   32.0.15.7652
Initialize mono
Mono path[0] = 'C:/Program Files/Unity/Hub/Editor/6000.0.37f1/Editor/Data/Managed'
Mono path[1] = 'C:/Program Files/Unity/Hub/Editor/6000.0.37f1/Editor/Data/MonoBleedingEdge/lib/mono/unityjit-win32'
Mono config path = 'C:/Program Files/Unity/Hub/Editor/6000.0.37f1/Editor/Data/MonoBleedingEdge/etc'
Using monoOptions --debugger-agent=transport=dt_socket,embedding=1,server=y,suspend=n,address=127.0.0.1:56824
Begin MonoManager ReloadAssembly
Registering precompiled unity dll's ...
Register platform support module: C:/Program Files/Unity/Hub/Editor/6000.0.37f1/Editor/Data/PlaybackEngines/WebGLSupport/UnityEditor.WebGL.Extensions.dll
Register platform support module: C:/Program Files/Unity/Hub/Editor/6000.0.37f1/Editor/Data/PlaybackEngines/MacStandaloneSupport/UnityEditor.OSXStandalone.Extensions.dll
Register platform support module: C:/Program Files/Unity/Hub/Editor/6000.0.37f1/Editor/Data/PlaybackEngines/WindowsStandaloneSupport/UnityEditor.WindowsStandalone.Extensions.dll
Register platform support module: C:/Program Files/Unity/Hub/Editor/6000.0.37f1/Editor/Data/PlaybackEngines/LinuxStandaloneSupport/UnityEditor.LinuxStandalone.Extensions.dll
Registered in 0.007000 seconds.
- Loaded All Assemblies, in 14.169 seconds
Native extension for LinuxStandalone target not found
Native extension for WindowsStandalone target not found
Native extension for OSXStandalone target not found
Native extension for WebGL target not found
Mono: successfully reloaded assembly
- Finished resetting the current domain, in  0.582 seconds
Domain Reload Profiling: 14749ms
	BeginReloadAssembly (13262ms)
		ExecutionOrderSort (0ms)
		DisableScriptedObjects (0ms)
		BackupInstance (0ms)
		ReleaseScriptingObjects (0ms)
		CreateAndSetChildDomain (1ms)
	RebuildCommonClasses (35ms)
	RebuildNativeTypeToScriptingClass (10ms)
	initialDomainReloadingComplete (55ms)
	LoadAllAssembliesAndSetupDomain (806ms)
		LoadAssemblies (13259ms)
		RebuildTransferFunctionScriptingTraits (0ms)
		AnalyzeDomain (802ms)
			TypeCache.Refresh (801ms)
				TypeCache.ScanAssembly (789ms)
			BuildScriptInfoCaches (0ms)
			ResolveRequiredComponents (0ms)
	FinalizeReload (583ms)
		ReleaseScriptCaches (0ms)
		RebuildScriptCaches (0ms)
		SetupLoadedEditorAssemblies (539ms)
			LogAssemblyErrors (0ms)
			InitializePlatformSupportModulesInManaged (255ms)
			SetLoadedEditorAssemblies (4ms)
			BeforeProcessingInitializeOnLoad (48ms)
			ProcessInitializeOnLoadAttributes (137ms)
			ProcessInitializeOnLoadMethodAttributes (95ms)
			AfterProcessingInitializeOnLoad (0ms)
			EditorAssembliesLoaded (0ms)
		ExecutionOrderSort2 (0ms)
		AwakeInstancesAfterBackupRestoration (0ms)
Assembly reference Packages/com.unity.cinemachine/Editor/Samples/ExposeHDRPInternals/HDRP-Editor-ref.asmref has no target assembly definition
========================================================================
Worker process is ready to serve import requests
Import Worker Mode flag is 0x00
Assembly reference Packages/com.unity.cinemachine/Editor/Samples/ExposeHDRPInternals/HDRP-Editor-ref.asmref has no target assembly definition
Assembly reference Packages/com.unity.cinemachine/Editor/Samples/ExposeHDRPInternals/HDRP-Editor-ref.asmref has no target assembly definition
Begin MonoManager ReloadAssembly
Symbol file data-00000139D5CCF790 doesn't match image C:\Users\agioc\Documents\Unity Projects\FrameShot_Project\FrameShot\Library\ScriptAssemblies\Unity.TextMeshPro.dll
Symbol file LoadedFromMemory is not a mono symbol file
Symbol file data-00000139D5D167A0 doesn't match image C:\Users\agioc\Documents\Unity Projects\FrameShot_Project\FrameShot\Library\ScriptAssemblies\Unity.TextMeshPro.Editor.dll
Symbol file LoadedFromMemory is not a mono symbol file
- Loaded All Assemblies, in 39.955 seconds
Assembly reference Packages/com.unity.cinemachine/Editor/Samples/ExposeHDRPInternals/HDRP-Editor-ref.asmref has no target assembly definition
'Packages/com.unity.cinemachine/Editor/Obsolete/CinemachineVirtualCameraBaseEditor.cs' contains partial class of Unity.Object, exactly 1 of the partial classes needs to be in a file with the same filename. This is to know the one that can be referenced from ie. GameObjects
'Packages/com.unity.cinemachine/Editor/Editors/CinemachineVirtualCameraBaseEditor.cs' contains partial class of Unity.Object, exactly 1 of the partial classes needs to be in a file with the same filename. This is to know the one that can be referenced from ie. GameObjects
Refreshing native plugins compatible for Editor in 1.20 ms, found 4 plugins.
Native extension for LinuxStandalone target not found
Native extension for WindowsStandalone target not found
Native extension for OSXStandalone target not found
Native extension for WebGL target not found
Assembly reference Packages/com.unity.cinemachine/Editor/Samples/ExposeHDRPInternals/HDRP-Editor-ref.asmref has no target assembly definition
Package Manager log level set to [2]
[Package Manager] Failed to launch server process. Reason: Unity was launched with the -noUpm command-line argument
[Package Manager] Unable to send message (not connected to server process).
[Package Manager] Cannot connect to Unity Package Manager local server
Mono: successfully reloaded assembly
- Finished resetting the current domain, in  1.780 seconds
Domain Reload Profiling: 41731ms
	BeginReloadAssembly (154ms)
		ExecutionOrderSort (0ms)
		DisableScriptedObjects (4ms)
		BackupInstance (0ms)
		ReleaseScriptingObjects (0ms)
		CreateAndSetChildDomain (27ms)
	RebuildCommonClasses (29ms)
	RebuildNativeTypeToScriptingClass (9ms)
	initialDomainReloadingComplete (39ms)
	LoadAllAssembliesAndSetupDomain (39720ms)
		LoadAssemblies (39469ms)
		RebuildTransferFunctionScriptingTraits (0ms)
		AnalyzeDomain (348ms)
			TypeCache.Refresh (271ms)
				TypeCache.ScanAssembly (148ms)
			BuildScriptInfoCaches (62ms)
			ResolveRequiredComponents (13ms)
	FinalizeReload (1780ms)
		ReleaseScriptCaches (0ms)
		RebuildScriptCaches (0ms)
		SetupLoadedEditorAssemblies (1052ms)
			LogAssemblyErrors (0ms)
			InitializePlatformSupportModulesInManaged (10ms)
			SetLoadedEditorAssemblies (3ms)
			BeforeProcessingInitializeOnLoad (107ms)
			ProcessInitializeOnLoadAttributes (478ms)
			ProcessInitializeOnLoadMethodAttributes (451ms)
			AfterProcessingInitializeOnLoad (4ms)
			EditorAssembliesLoaded (0ms)
		ExecutionOrderSort2 (0ms)
		AwakeInstancesAfterBackupRestoration (5ms)
Launched and connected shader compiler UnityShaderCompiler.exe after 0.01 seconds
Refreshing native plugins compatible for Editor in 1.87 ms, found 4 plugins.
Preloading 0 native plugins for Editor in 0.00 ms.
Unloading 253 Unused Serialized files (Serialized files now loaded: 0)
Unloading 7100 unused Assets / (7.0 MB). Loaded Objects now: 7825.
Memory consumption went from 180.9 MB to 173.9 MB.
Total: 17.196600 ms (FindLiveObjects: 0.831900 ms CreateObjectMapping: 1.197000 ms MarkObjects: 8.656700 ms  DeleteObjects: 6.508700 ms)

========================================================================
Received Prepare
Refreshing native plugins compatible for Editor in 2.12 ms, found 4 plugins.
Preloading 0 native plugins for Editor in 0.00 ms.
Unloading 26 Unused Serialized files (Serialized files now loaded: 0)
Unloading 26 unused Assets / (3.9 MB). Loaded Objects now: 7825.
Memory consumption went from 135.4 MB to 131.5 MB.
Total: 10.450700 ms (FindLiveObjects: 0.615500 ms CreateObjectMapping: 0.667900 ms MarkObjects: 7.597800 ms  DeleteObjects: 1.567800 ms)

Prepare: number of updated asset objects reloaded= 94
AssetImportParameters requested are different than current active one (requested -> active):
0x00007ff85db298ad (Unity) StackWalker::ShowCallstack
0x00007ff85db39869 (Unity) PlatformStacktrace::GetStacktrace
0x00007ff85eda658e (Unity) Stacktrace::GetStacktrace
0x00007ff85f34edcf (Unity) DebugStringToFile
0x00007ff85efa5586 (Unity) VerifyAssetImportParametersConsistency
0x00007ff85ef75435 (Unity) <lambda_94302c41bc55323db1fed16712a08587>::operator()
0x00007ff85f0590de (Unity) asio::detail::completion_handler<core::mutable_function<void __cdecl(void)>,asio::io_context::basic_executor_type<std::allocator<void>,0> >::do_complete
0x00007ff85f04696a (Unity) asio::detail::win_iocp_io_context::do_one
0x00007ff85f047cd4 (Unity) asio::detail::win_iocp_io_context::run
0x00007ff85f0576fc (Unity) IOService::Run
0x00007ff85ef9f896 (Unity) RunAssetImportWorkerClientV2
0x00007ff85ef9f95b (Unity) RunAssetImporterV2
0x00007ff85e7a9988 (Unity) Application::InitializeProject
0x00007ff85edb0ba5 (Unity) UnityMain
0x00007ff6d4272fba (Unity) __scrt_common_main_seh
0x00007ff93905e8d7 (KERNEL32) BaseThreadInitThunk
0x00007ff93ab9c5dc (ntdll) RtlUserThreadStart

  buildTarget: platform 24, subtarget 2, extendedPlatform 0 -> platform 19, subtarget 2, extendedPlatform 0
0x00007ff85db298ad (Unity) StackWalker::ShowCallstack
0x00007ff85db39869 (Unity) PlatformStacktrace::GetStacktrace
0x00007ff85eda658e (Unity) Stacktrace::GetStacktrace
0x00007ff85f34edcf (Unity) DebugStringToFile
0x00007ff85efa5662 (Unity) VerifyAssetImportParametersConsistency
0x00007ff85ef75435 (Unity) <lambda_94302c41bc55323db1fed16712a08587>::operator()
0x00007ff85f0590de (Unity) asio::detail::completion_handler<core::mutable_function<void __cdecl(void)>,asio::io_context::basic_executor_type<std::allocator<void>,0> >::do_complete
0x00007ff85f04696a (Unity) asio::detail::win_iocp_io_context::do_one
0x00007ff85f047cd4 (Unity) asio::detail::win_iocp_io_context::run
0x00007ff85f0576fc (Unity) IOService::Run
0x00007ff85ef9f896 (Unity) RunAssetImportWorkerClientV2
0x00007ff85ef9f95b (Unity) RunAssetImporterV2
0x00007ff85e7a9988 (Unity) Application::InitializeProject
0x00007ff85edb0ba5 (Unity) UnityMain
0x00007ff6d4272fba (Unity) __scrt_common_main_seh
0x00007ff93905e8d7 (KERNEL32) BaseThreadInitThunk
0x00007ff93ab9c5dc (ntdll) RtlUserThreadStart

  graphicsApiMask: 2228224 -> 4
0x00007ff85db298ad (Unity) StackWalker::ShowCallstack
0x00007ff85db39869 (Unity) PlatformStacktrace::GetStacktrace
0x00007ff85eda658e (Unity) Stacktrace::GetStacktrace
0x00007ff85f34edcf (Unity) DebugStringToFile
0x00007ff85efa5662 (Unity) VerifyAssetImportParametersConsistency
0x00007ff85ef75435 (Unity) <lambda_94302c41bc55323db1fed16712a08587>::operator()
0x00007ff85f0590de (Unity) asio::detail::completion_handler<core::mutable_function<void __cdecl(void)>,asio::io_context::basic_executor_type<std::allocator<void>,0> >::do_complete
0x00007ff85f04696a (Unity) asio::detail::win_iocp_io_context::do_one
0x00007ff85f047cd4 (Unity) asio::detail::win_iocp_io_context::run
0x00007ff85f0576fc (Unity) IOService::Run
0x00007ff85ef9f896 (Unity) RunAssetImportWorkerClientV2
0x00007ff85ef9f95b (Unity) RunAssetImporterV2
0x00007ff85e7a9988 (Unity) Application::InitializeProject
0x00007ff85edb0ba5 (Unity) UnityMain
0x00007ff6d4272fba (Unity) __scrt_common_main_seh
0x00007ff93905e8d7 (KERNEL32) BaseThreadInitThunk
0x00007ff93ab9c5dc (ntdll) RtlUserThreadStart

